// Jest Snapshot v1, https://goo.gl/fbAQLP

exports[`Validator should exist 1`] = `
Object {
  "asyncField": FormItem {
    "asyncValidators": Array [
      Object {
        "async": true,
        "message": "AsyncMsg",
        "rule": [Function],
      },
    ],
    "dependency": Array [],
    "errors": Array [],
    "handleAsyncValidation": [Function],
    "handleSyncValidation": [Function],
    "handler": [Function],
    "required": true,
    "status": Object {
      "dirty": false,
      "valid": false,
    },
    "validators": Array [],
    "value": "",
  },
  "login": FormItem {
    "asyncValidators": Array [],
    "dependency": Array [],
    "errors": Array [],
    "handleAsyncValidation": [Function],
    "handleSyncValidation": [Function],
    "handler": [Function],
    "required": true,
    "status": Object {
      "dirty": false,
      "valid": false,
    },
    "validators": Array [
      Object {
        "message": "Name must be John",
        "rule": [Function],
      },
    ],
    "value": "",
  },
  "valid": false,
  "validateAll": [Function],
}
`;
